---
source: src/snapshot_tests.rs
expression: snapshot
---
canvas: 120x40
00 |  ┌─Search text──────────────────────────────────────────────────────────────────────────────────────────────────────┐  |
01 |  │                                                                                                                  │  |
02 |  └──────────────────────────────────────────────────────────────────────────────────────────────────────────────────┘  |
03 |  ┌─Replace text─────────────────────────────────────────────────────────────────────────────────────────────────────┐  |
04 |  │                                                                                                                  │  |
05 |  └──────────────────────────────────────────────────────────────────────────────────────────────────────────────────┘  |
06 |  ┌───┐                                                                                                                 |
07 |  │   │ Fixed strings                                                                                                   |
08 |  └───┘                                                                                                                 |
09 |  ┌───┐                                                                                                                 |
10 |  │   │ Match whole word                                                                                                |
11 |  └───┘  ┌────────────────────────────────────────────────Help────────────────────────────────────────────────┐         |
12 |  ┌───┐  │ <enter> jump to results                                                                            │         |
13 |  │ X │ M│   <tab> focus next                                                                                 │         |
14 |  └───┘  │ <S-tab> focus previous                                                                             │         |
15 |  ┌─Files│ <space> toggle checkbox                                                                            │──────┐  |
16 |  │      │   <A-u> unlock pre-populated fields                                                                │      │  |
17 |  └──────│   <C-l> toggle text wrapping in preview                                                            │──────┘  |
18 |  ┌─Files│   <C-t> toggle hidden files                                                                        │──────┐  |
19 |  │      │   <A-m> toggle multiline                                                                           │      │  |
20 |  └──────│   <A-e> toggle escape sequences                                                                    │──────┘  |
21 |         │   <C-r> reset                                                                                      │         |
22 |  Results│   <C-h> help                                                                                       │         |
23 |         │   <esc> close popup                                                                                │         |
24 |         │   <C-c> quit                                                                                       │         |
25 |         │   <A-h> hide Scooter                                                                               │         |
26 |         └────────────────────────────────────────────────────────────────────────────────────────────────────┘         |
27 |                                                                                                                        |
28 |                                                                                                                        |
29 |                                                                                                                        |
30 |                                                                                                                        |
31 |                                                                                                                        |
32 |                                                                                                                        |
33 |                                                                                                                        |
34 |                                                                                                                        |
35 |                                                                                                                        |
36 |                                                                                                                        |
37 |                                                                                                                        |
38 |                                                                                                                        |
39 |                   <enter> jump to results / <tab> focus next / <C-r> reset / <C-h> help / <C-c> quit                   |
tags:
00: 2-118 focused-field
01: 2-3 focused-field | 117-118 focused-field
02: 2-118 focused-field
03: 2-118 text
04: 2-3 text | 117-118 text
05: 2-118 text
06: 2-7 text
07: 2-3 text | 6-7 text | 8-21 text
08: 2-7 text
09: 2-7 text
10: 2-3 text | 6-7 text | 8-24 text
11: 2-7 text | 9-58 popup-border | 58-62 popup | 62-111 popup-border
12: 2-7 text | 9-10 popup-border | 10-11 popup | 11-18 info | 18-19 popup | 19-34 text | 34-110 popup | 110-111 popup-border
13: 2-7 text | 8-9 text | 9-10 popup-border | 10-13 popup | 13-18 info | 18-19 popup | 19-29 text | 29-110 popup | 110-111 popup-border
14: 2-7 text | 9-10 popup-border | 10-11 popup | 11-18 info | 18-19 popup | 19-33 text | 33-110 popup | 110-111 popup-border
15: 2-9 text | 9-10 popup-border | 10-11 popup | 11-18 info | 18-19 popup | 19-34 text | 34-110 popup | 110-111 popup-border | 111-118 text
16: 2-3 text | 9-10 popup-border | 10-13 popup | 13-18 info | 18-19 popup | 19-46 text | 46-110 popup | 110-111 popup-border | 117-118 text
17: 2-9 text | 9-10 popup-border | 10-13 popup | 13-18 info | 18-19 popup | 19-50 text | 50-110 popup | 110-111 popup-border | 111-118 text
18: 2-9 text | 9-10 popup-border | 10-13 popup | 13-18 info | 18-19 popup | 19-38 text | 38-110 popup | 110-111 popup-border | 111-118 text
19: 2-3 text | 9-10 popup-border | 10-13 popup | 13-18 info | 18-19 popup | 19-35 text | 35-110 popup | 110-111 popup-border | 117-118 text
20: 2-9 text | 9-10 popup-border | 10-13 popup | 13-18 info | 18-19 popup | 19-42 text | 42-110 popup | 110-111 popup-border | 111-118 text
21: 9-10 popup-border | 10-13 popup | 13-18 info | 18-19 popup | 19-24 text | 24-110 popup | 110-111 popup-border
22: 2-9 text | 9-10 popup-border | 10-13 popup | 13-18 info | 18-19 popup | 19-23 text | 23-110 popup | 110-111 popup-border
23: 9-10 popup-border | 10-13 popup | 13-18 info | 18-19 popup | 19-30 text | 30-110 popup | 110-111 popup-border
24: 9-10 popup-border | 10-13 popup | 13-18 info | 18-19 popup | 19-23 text | 23-110 popup | 110-111 popup-border
25: 9-10 popup-border | 10-13 popup | 13-18 info | 18-19 popup | 19-31 text | 31-110 popup | 110-111 popup-border
26: 9-111 popup-border
39: 19-101 info
